// Jest Snapshot v1, https://goo.gl/fbAQLP

exports[`The Container component should render 1`] = `
<DocumentFragment>
  <div
    class="chakra-container css-m77idv"
  />
</DocumentFragment>
`;
